// Jest Snapshot v1, https://goo.gl/fbAQLP

exports[`bar chart should match snapshot 1`] = `
<div>
  <div
    class="dc-chart"
  >
    <svg
      height="200"
      width="200"
    >
      <g>
        <g
          class="chart-body"
          clip-path="url(http://localhost/#dc-chart1-clip)"
          transform="translate(30, 10)"
        >
          <g
            class="stack _0"
          >
            <rect
              class="bar"
              fill="#1f77b4"
              height="80"
              width="38"
              x="1"
              y="80"
            >
              <title>
                England: 1
              </title>
            </rect>
            <rect
              class="bar"
              fill="#1f77b4"
              height="160"
              width="38"
              x="41"
              y="0"
            >
              <title>
                Sweden: 2
              </title>
            </rect>
            <rect
              class="bar"
              fill="#1f77b4"
              height="80"
              width="38"
              x="81"
              y="80"
            >
              <title>
                USA: 1
              </title>
            </rect>
          </g>
        </g>
        <g
          class="axis x"
          fill="none"
          font-family="sans-serif"
          font-size="10"
          text-anchor="middle"
          transform="translate(30,170)"
        >
          <path
            class="domain"
            d="M0.5,6V0.5H120.5V6"
            stroke="currentColor"
          />
          <g
            class="tick"
            opacity="1"
            transform="translate(20,0)"
          >
            <line
              stroke="currentColor"
              y2="6"
            />
            <text
              dy="0.71em"
              fill="currentColor"
              y="9"
            >
              England
            </text>
          </g>
          <g
            class="tick"
            opacity="1"
            transform="translate(60,0)"
          >
            <line
              stroke="currentColor"
              y2="6"
            />
            <text
              dy="0.71em"
              fill="currentColor"
              y="9"
            >
              Sweden
            </text>
          </g>
          <g
            class="tick"
            opacity="1"
            transform="translate(100,0)"
          >
            <line
              stroke="currentColor"
              y2="6"
            />
            <text
              dy="0.71em"
              fill="currentColor"
              y="9"
            >
              USA
            </text>
          </g>
        </g>
        <g
          class="axis y"
          fill="none"
          font-family="sans-serif"
          font-size="10"
          text-anchor="end"
          transform="translate(30,10)"
        >
          <path
            class="domain"
            d="M-6,160.5H0.5V0.5H-6"
            stroke="currentColor"
          />
          <g
            class="tick"
            opacity="1"
            transform="translate(0,160.5)"
          >
            <line
              stroke="currentColor"
              x2="-6"
            />
            <text
              dy="0.32em"
              fill="currentColor"
              x="-9"
            >
              0.0
            </text>
          </g>
          <g
            class="tick"
            opacity="1"
            transform="translate(0,144.5)"
          >
            <line
              stroke="currentColor"
              x2="-6"
            />
            <text
              dy="0.32em"
              fill="currentColor"
              x="-9"
            >
              0.2
            </text>
          </g>
          <g
            class="tick"
            opacity="1"
            transform="translate(0,128.5)"
          >
            <line
              stroke="currentColor"
              x2="-6"
            />
            <text
              dy="0.32em"
              fill="currentColor"
              x="-9"
            >
              0.4
            </text>
          </g>
          <g
            class="tick"
            opacity="1"
            transform="translate(0,112.5)"
          >
            <line
              stroke="currentColor"
              x2="-6"
            />
            <text
              dy="0.32em"
              fill="currentColor"
              x="-9"
            >
              0.6
            </text>
          </g>
          <g
            class="tick"
            opacity="1"
            transform="translate(0,96.5)"
          >
            <line
              stroke="currentColor"
              x2="-6"
            />
            <text
              dy="0.32em"
              fill="currentColor"
              x="-9"
            >
              0.8
            </text>
          </g>
          <g
            class="tick"
            opacity="1"
            transform="translate(0,80.5)"
          >
            <line
              stroke="currentColor"
              x2="-6"
            />
            <text
              dy="0.32em"
              fill="currentColor"
              x="-9"
            >
              1.0
            </text>
          </g>
          <g
            class="tick"
            opacity="1"
            transform="translate(0,64.5)"
          >
            <line
              stroke="currentColor"
              x2="-6"
            />
            <text
              dy="0.32em"
              fill="currentColor"
              x="-9"
            >
              1.2
            </text>
          </g>
          <g
            class="tick"
            opacity="1"
            transform="translate(0,48.5)"
          >
            <line
              stroke="currentColor"
              x2="-6"
            />
            <text
              dy="0.32em"
              fill="currentColor"
              x="-9"
            >
              1.4
            </text>
          </g>
          <g
            class="tick"
            opacity="1"
            transform="translate(0,32.5)"
          >
            <line
              stroke="currentColor"
              x2="-6"
            />
            <text
              dy="0.32em"
              fill="currentColor"
              x="-9"
            >
              1.6
            </text>
          </g>
          <g
            class="tick"
            opacity="1"
            transform="translate(0,16.5)"
          >
            <line
              stroke="currentColor"
              x2="-6"
            />
            <text
              dy="0.32em"
              fill="currentColor"
              x="-9"
            >
              1.8
            </text>
          </g>
          <g
            class="tick"
            opacity="1"
            transform="translate(0,0.5)"
          >
            <line
              stroke="currentColor"
              x2="-6"
            />
            <text
              dy="0.32em"
              fill="currentColor"
              x="-9"
            >
              2.0
            </text>
          </g>
        </g>
      </g>
      <defs>
        <clippath
          id="dc-chart1-clip"
        >
          <rect
            height="160"
            transform="translate(-0, -0)"
            width="120"
          />
        </clippath>
      </defs>
    </svg>
  </div>
</div>
`;
